CRITICAL - 2026-08-08 08:22:33 --> ErrorException: Undefined variable $odDiscountAmt
[Method: POST, Route: Tcpdfexample/quote]
in APPPATH\Controllers\Tcpdfexample.php on line 88.
 1 APPPATH\Controllers\Tcpdfexample.php(88): CodeIgniter\Debug\Exceptions->errorHandler(2, 'Undefined variable $odDiscountAmt', 'D:\\xampp\\htdocs\\gbinsurance\\app\\Controllers\\Tcpdfexample.php', 88)
 2 SYSTEMPATH\CodeIgniter.php(974): App\Controllers\Tcpdfexample->quote()
 3 SYSTEMPATH\CodeIgniter.php(520): CodeIgniter\CodeIgniter->runController(Object(App\Controllers\Tcpdfexample))
 4 SYSTEMPATH\CodeIgniter.php(363): CodeIgniter\CodeIgniter->handleRequest(null, Object(Config\Cache), false)
 5 SYSTEMPATH\Boot.php(417): CodeIgniter\CodeIgniter->run()
 6 SYSTEMPATH\Boot.php(68): CodeIgniter\Boot::runCodeIgniter(Object(CodeIgniter\CodeIgniter))
 7 FCPATH\index.php(59): CodeIgniter\Boot::bootWeb(Object(Config\Paths))
CRITICAL - 2026-08-08 08:28:20 --> Exception: The PHP GD extension is required, but is not installed.
[Method: POST, Route: Tcpdfexample/quote]
in FCPATH\dompdf\vendor\dompdf\dompdf\lib\Cpdf.php on line 6226.
 1 FCPATH\dompdf\vendor\dompdf\dompdf\src\Adapter\CPDF.php(674): Dompdf\Cpdf->addPngFromFile('C:\\Users\\vijay\\AppData\\Local\\Temp\\ca_75EB.tmp', 260.14, 762.8742519685039, 75.0, 45.0)
 2 FCPATH\dompdf\vendor\dompdf\dompdf\src\Renderer\Image.php(63): Dompdf\Adapter\CPDF->image('C:\\Users\\vijay\\AppData\\Local\\Temp\\ca_75EB.tmp', 260.14, 34.01574803149606, 75.0, 45.0, 'normal')
 3 FCPATH\dompdf\vendor\dompdf\dompdf\src\Renderer.php(305): Dompdf\Renderer\Image->render(Object(Dompdf\FrameDecorator\Image))
 4 FCPATH\dompdf\vendor\dompdf\dompdf\src\Renderer.php(140): Dompdf\Renderer->_render_frame('image', Object(Dompdf\FrameDecorator\Image))
 5 FCPATH\dompdf\vendor\dompdf\dompdf\src\Renderer.php(207): Dompdf\Renderer->render(Object(Dompdf\FrameDecorator\Image))
 6 FCPATH\dompdf\vendor\dompdf\dompdf\src\Renderer.php(207): Dompdf\Renderer->render(Object(Dompdf\FrameDecorator\Block))
 7 FCPATH\dompdf\vendor\dompdf\dompdf\src\FrameReflower\Page.php(148): Dompdf\Renderer->render(Object(Dompdf\FrameDecorator\Block))
 8 FCPATH\dompdf\vendor\dompdf\dompdf\src\FrameDecorator\AbstractFrameDecorator.php(915): Dompdf\FrameReflower\Page->reflow(null)
 9 FCPATH\dompdf\vendor\dompdf\dompdf\src\Dompdf.php(817): Dompdf\FrameDecorator\AbstractFrameDecorator->reflow()
10 APPPATH\Controllers\Tcpdfexample.php(205): Dompdf\Dompdf->render()
11 SYSTEMPATH\CodeIgniter.php(974): App\Controllers\Tcpdfexample->quote()
12 SYSTEMPATH\CodeIgniter.php(520): CodeIgniter\CodeIgniter->runController(Object(App\Controllers\Tcpdfexample))
13 SYSTEMPATH\CodeIgniter.php(363): CodeIgniter\CodeIgniter->handleRequest(null, Object(Config\Cache), false)
14 SYSTEMPATH\Boot.php(417): CodeIgniter\CodeIgniter->run()
15 SYSTEMPATH\Boot.php(68): CodeIgniter\Boot::runCodeIgniter(Object(CodeIgniter\CodeIgniter))
16 FCPATH\index.php(59): CodeIgniter\Boot::bootWeb(Object(Config\Paths))
ERROR - 2026-08-08 08:53:24 --> Column 'company_name' cannot be null
in SYSTEMPATH\Database\MySQLi\Connection.php on line 300.
 1 SYSTEMPATH\Database\MySQLi\Connection.php(300): mysqli->query('INSERT INTO `policies` (`policy_number`, `holder_name`, `company_name`, `vehicle_number`, `insurance_type`, `mobileNo`, `telecaller`, `cashback`, `premium`, `policyType`, `issue_date`, `expiry_date`, `file_path`, `created_at`, `updated_at`) VALUES (\'3004/450768595/00/B00\', \'SHANTIPREM TOURS AND TRAVELS\', NULL, \'MH12WX2039\', \'Vehicle\', \'\', \'\', \'\', \'\', \'\', \'2026-08-02\', \'2027-08-01\', \'writable/uploads/policies/1786179204_a5d1d810dbf1ad62e6ed.pdf\', \'2026-08-08 08:53:24\', \'2026-08-08 08:53:24\')', 0)
 2 SYSTEMPATH\Database\BaseConnection.php(908): CodeIgniter\Database\MySQLi\Connection->execute('INSERT INTO `policies` (`policy_number`, `holder_name`, `company_name`, `vehicle_number`, `insurance_type`, `mobileNo`, `telecaller`, `cashback`, `premium`, `policyType`, `issue_date`, `expiry_date`, `file_path`, `created_at`, `updated_at`) VALUES (\'3004/450768595/00/B00\', \'SHANTIPREM TOURS AND TRAVELS\', NULL, \'MH12WX2039\', \'Vehicle\', \'\', \'\', \'\', \'\', \'\', \'2026-08-02\', \'2027-08-01\', \'writable/uploads/policies/1786179204_a5d1d810dbf1ad62e6ed.pdf\', \'2026-08-08 08:53:24\', \'2026-08-08 08:53:24\')')
 3 SYSTEMPATH\Database\BaseConnection.php(825): CodeIgniter\Database\BaseConnection->simpleQuery('INSERT INTO `policies` (`policy_number`, `holder_name`, `company_name`, `vehicle_number`, `insurance_type`, `mobileNo`, `telecaller`, `cashback`, `premium`, `policyType`, `issue_date`, `expiry_date`, `file_path`, `created_at`, `updated_at`) VALUES (\'3004/450768595/00/B00\', \'SHANTIPREM TOURS AND TRAVELS\', NULL, \'MH12WX2039\', \'Vehicle\', \'\', \'\', \'\', \'\', \'\', \'2026-08-02\', \'2027-08-01\', \'writable/uploads/policies/1786179204_a5d1d810dbf1ad62e6ed.pdf\', \'2026-08-08 08:53:24\', \'2026-08-08 08:53:24\')')
 4 SYSTEMPATH\Database\BaseBuilder.php(2343): CodeIgniter\Database\BaseConnection->query('INSERT INTO `policies` (`policy_number`, `holder_name`, `company_name`, `vehicle_number`, `insurance_type`, `mobileNo`, `telecaller`, `cashback`, `premium`, `policyType`, `issue_date`, `expiry_date`, `file_path`, `created_at`, `updated_at`) VALUES (:policy_number:, :holder_name:, :company_name:, :vehicle_number:, :insurance_type:, :mobileNo:, :telecaller:, :cashback:, :premium:, :policyType:, :issue_date:, :expiry_date:, :file_path:, :created_at:, :updated_at:)', [...], false)
 5 SYSTEMPATH\Model.php(357): CodeIgniter\Database\BaseBuilder->insert()
 6 SYSTEMPATH\BaseModel.php(899): CodeIgniter\Model->doInsert([...])
 7 SYSTEMPATH\Model.php(670): CodeIgniter\BaseModel->insert([...], true)
 8 APPPATH\Controllers\Admin.php(259): CodeIgniter\Model->insert([...])
 9 SYSTEMPATH\CodeIgniter.php(974): App\Controllers\Admin->uploadPolicyPost()
10 SYSTEMPATH\CodeIgniter.php(520): CodeIgniter\CodeIgniter->runController(Object(App\Controllers\Admin))
11 SYSTEMPATH\CodeIgniter.php(363): CodeIgniter\CodeIgniter->handleRequest(null, Object(Config\Cache), false)
12 SYSTEMPATH\Boot.php(417): CodeIgniter\CodeIgniter->run()
13 SYSTEMPATH\Boot.php(68): CodeIgniter\Boot::runCodeIgniter(Object(CodeIgniter\CodeIgniter))
14 FCPATH\index.php(59): CodeIgniter\Boot::bootWeb(Object(Config\Paths))
ERROR - 2026-08-08 09:02:04 --> Column 'company_name' cannot be null
in SYSTEMPATH\Database\MySQLi\Connection.php on line 300.
 1 SYSTEMPATH\Database\MySQLi\Connection.php(300): mysqli->query('INSERT INTO `policies` (`policy_number`, `holder_name`, `company_name`, `vehicle_number`, `insurance_type`, `mobileNo`, `telecaller`, `cashback`, `premium`, `policyType`, `issue_date`, `expiry_date`, `file_path`, `created_at`, `updated_at`) VALUES (\'3004/450768595/00/B00\', \'SHANTIPREM TOURS AND TRAVELS\', NULL, \'MH12WX2039\', \'Vehicle\', \'\', \'\', \'\', \'\', \'\', \'2026-08-02\', \'2027-08-01\', \'writable/uploads/policies/1786179724_513d1e145c4cfc300359.pdf\', \'2026-08-08 09:02:04\', \'2026-08-08 09:02:04\')', 0)
 2 SYSTEMPATH\Database\BaseConnection.php(908): CodeIgniter\Database\MySQLi\Connection->execute('INSERT INTO `policies` (`policy_number`, `holder_name`, `company_name`, `vehicle_number`, `insurance_type`, `mobileNo`, `telecaller`, `cashback`, `premium`, `policyType`, `issue_date`, `expiry_date`, `file_path`, `created_at`, `updated_at`) VALUES (\'3004/450768595/00/B00\', \'SHANTIPREM TOURS AND TRAVELS\', NULL, \'MH12WX2039\', \'Vehicle\', \'\', \'\', \'\', \'\', \'\', \'2026-08-02\', \'2027-08-01\', \'writable/uploads/policies/1786179724_513d1e145c4cfc300359.pdf\', \'2026-08-08 09:02:04\', \'2026-08-08 09:02:04\')')
 3 SYSTEMPATH\Database\BaseConnection.php(825): CodeIgniter\Database\BaseConnection->simpleQuery('INSERT INTO `policies` (`policy_number`, `holder_name`, `company_name`, `vehicle_number`, `insurance_type`, `mobileNo`, `telecaller`, `cashback`, `premium`, `policyType`, `issue_date`, `expiry_date`, `file_path`, `created_at`, `updated_at`) VALUES (\'3004/450768595/00/B00\', \'SHANTIPREM TOURS AND TRAVELS\', NULL, \'MH12WX2039\', \'Vehicle\', \'\', \'\', \'\', \'\', \'\', \'2026-08-02\', \'2027-08-01\', \'writable/uploads/policies/1786179724_513d1e145c4cfc300359.pdf\', \'2026-08-08 09:02:04\', \'2026-08-08 09:02:04\')')
 4 SYSTEMPATH\Database\BaseBuilder.php(2343): CodeIgniter\Database\BaseConnection->query('INSERT INTO `policies` (`policy_number`, `holder_name`, `company_name`, `vehicle_number`, `insurance_type`, `mobileNo`, `telecaller`, `cashback`, `premium`, `policyType`, `issue_date`, `expiry_date`, `file_path`, `created_at`, `updated_at`) VALUES (:policy_number:, :holder_name:, :company_name:, :vehicle_number:, :insurance_type:, :mobileNo:, :telecaller:, :cashback:, :premium:, :policyType:, :issue_date:, :expiry_date:, :file_path:, :created_at:, :updated_at:)', [...], false)
 5 SYSTEMPATH\Model.php(357): CodeIgniter\Database\BaseBuilder->insert()
 6 SYSTEMPATH\BaseModel.php(899): CodeIgniter\Model->doInsert([...])
 7 SYSTEMPATH\Model.php(670): CodeIgniter\BaseModel->insert([...], true)
 8 APPPATH\Controllers\Admin.php(259): CodeIgniter\Model->insert([...])
 9 SYSTEMPATH\CodeIgniter.php(974): App\Controllers\Admin->uploadPolicyPost()
10 SYSTEMPATH\CodeIgniter.php(520): CodeIgniter\CodeIgniter->runController(Object(App\Controllers\Admin))
11 SYSTEMPATH\CodeIgniter.php(363): CodeIgniter\CodeIgniter->handleRequest(null, Object(Config\Cache), false)
12 SYSTEMPATH\Boot.php(417): CodeIgniter\CodeIgniter->run()
13 SYSTEMPATH\Boot.php(68): CodeIgniter\Boot::runCodeIgniter(Object(CodeIgniter\CodeIgniter))
14 FCPATH\index.php(59): CodeIgniter\Boot::bootWeb(Object(Config\Paths))
