CRITICAL - 2026-07-26 14:51:05 --> CodeIgniter\Filters\Exceptions\FilterException: "authSuperAdmin" filter must have a matching alias defined.
[Method: GET, Route: superadmin/dashboard]
in SYSTEMPATH\Filters\Filters.php on line 590.
 1 SYSTEMPATH\Filters\Filters.php(590): CodeIgniter\Filters\Exceptions\FilterException::forNoAlias('authSuperAdmin')
 2 SYSTEMPATH\Filters\Filters.php(641): CodeIgniter\Filters\Filters->enableFilter('authSuperAdmin', 'before')
 3 SYSTEMPATH\CodeIgniter.php(476): CodeIgniter\Filters\Filters->enableFilters([...], 'before')
 4 SYSTEMPATH\CodeIgniter.php(363): CodeIgniter\CodeIgniter->handleRequest(null, Object(Config\Cache), false)
 5 SYSTEMPATH\Boot.php(417): CodeIgniter\CodeIgniter->run()
 6 SYSTEMPATH\Boot.php(68): CodeIgniter\Boot::runCodeIgniter(Object(CodeIgniter\CodeIgniter))
 7 FCPATH\index.php(59): CodeIgniter\Boot::bootWeb(Object(Config\Paths))
CRITICAL - 2026-07-26 15:05:36 --> ErrorException: Undefined variable $topPerformers
[Method: GET, Route: superadmin/dashboard]
in APPPATH\Views\superadmin\dashboard.php on line 53.
 1 APPPATH\Views\superadmin\dashboard.php(53): CodeIgniter\Debug\Exceptions->errorHandler(2, 'Undefined variable $topPerformers', 'D:\\xampp\\htdocs\\gbinsurance\\app\\Views\\superadmin\\dashboard.php', 53)
 2 SYSTEMPATH\View\View.php(240): include('D:\\xampp\\htdocs\\gbinsurance\\app\\Views\\superadmin\\dashboard.php')
 3 SYSTEMPATH\View\View.php(243): CodeIgniter\View\View->CodeIgniter\View\{closure}()
 4 SYSTEMPATH\Common.php(1254): CodeIgniter\View\View->render('superadmin/dashboard', [], true)
 5 APPPATH\Controllers\SuperAdmin.php(45): view('superadmin/dashboard')
 6 SYSTEMPATH\CodeIgniter.php(974): App\Controllers\SuperAdmin->dashboard()
 7 SYSTEMPATH\CodeIgniter.php(520): CodeIgniter\CodeIgniter->runController(Object(App\Controllers\SuperAdmin))
 8 SYSTEMPATH\CodeIgniter.php(363): CodeIgniter\CodeIgniter->handleRequest(null, Object(Config\Cache), false)
 9 SYSTEMPATH\Boot.php(417): CodeIgniter\CodeIgniter->run()
10 SYSTEMPATH\Boot.php(68): CodeIgniter\Boot::runCodeIgniter(Object(CodeIgniter\CodeIgniter))
11 FCPATH\index.php(59): CodeIgniter\Boot::bootWeb(Object(Config\Paths))
CRITICAL - 2026-07-26 15:06:52 --> ErrorException: Undefined variable $todaysCount
[Method: GET, Route: superadmin/dashboard]
in APPPATH\Views\superadmin\dashboard.php on line 61.
 1 APPPATH\Views\superadmin\dashboard.php(61): CodeIgniter\Debug\Exceptions->errorHandler(2, 'Undefined variable $todaysCount', 'D:\\xampp\\htdocs\\gbinsurance\\app\\Views\\superadmin\\dashboard.php', 61)
 2 SYSTEMPATH\View\View.php(240): include('D:\\xampp\\htdocs\\gbinsurance\\app\\Views\\superadmin\\dashboard.php')
 3 SYSTEMPATH\View\View.php(243): CodeIgniter\View\View->CodeIgniter\View\{closure}()
 4 SYSTEMPATH\Common.php(1254): CodeIgniter\View\View->render('superadmin/dashboard', [], true)
 5 APPPATH\Controllers\SuperAdmin.php(45): view('superadmin/dashboard')
 6 SYSTEMPATH\CodeIgniter.php(974): App\Controllers\SuperAdmin->dashboard()
 7 SYSTEMPATH\CodeIgniter.php(520): CodeIgniter\CodeIgniter->runController(Object(App\Controllers\SuperAdmin))
 8 SYSTEMPATH\CodeIgniter.php(363): CodeIgniter\CodeIgniter->handleRequest(null, Object(Config\Cache), false)
 9 SYSTEMPATH\Boot.php(417): CodeIgniter\CodeIgniter->run()
10 SYSTEMPATH\Boot.php(68): CodeIgniter\Boot::runCodeIgniter(Object(CodeIgniter\CodeIgniter))
11 FCPATH\index.php(59): CodeIgniter\Boot::bootWeb(Object(Config\Paths))
ERROR - 2026-07-26 16:34:31 --> Cannot truncate a table referenced in a foreign key constraint (`gbinsura_crm`.`employeeloginhistory`, CONSTRAINT `employeeloginhistory_ibfk_1` FOREIGN KEY (`employeeId`) REFERENCES `gbinsura_crm`.`employee` (`employeeId`))
in SYSTEMPATH\Database\MySQLi\Connection.php on line 300.
 1 SYSTEMPATH\Database\MySQLi\Connection.php(300): mysqli->query('TRUNCATE `employee`', 0)
 2 SYSTEMPATH\Database\BaseConnection.php(908): CodeIgniter\Database\MySQLi\Connection->execute('TRUNCATE `employee`')
 3 SYSTEMPATH\Database\BaseConnection.php(825): CodeIgniter\Database\BaseConnection->simpleQuery('TRUNCATE `employee`')
 4 SYSTEMPATH\Database\BaseBuilder.php(2771): CodeIgniter\Database\BaseConnection->query('TRUNCATE `employee`', null, false)
 5 SYSTEMPATH\Model.php(761): CodeIgniter\Database\BaseBuilder->truncate()
 6 APPPATH\Controllers\SuperAdmin.php(65): CodeIgniter\Model->__call('truncate', [])
 7 SYSTEMPATH\CodeIgniter.php(974): App\Controllers\SuperAdmin->clearAllData()
 8 SYSTEMPATH\CodeIgniter.php(520): CodeIgniter\CodeIgniter->runController(Object(App\Controllers\SuperAdmin))
 9 SYSTEMPATH\CodeIgniter.php(363): CodeIgniter\CodeIgniter->handleRequest(null, Object(Config\Cache), false)
10 SYSTEMPATH\Boot.php(417): CodeIgniter\CodeIgniter->run()
11 SYSTEMPATH\Boot.php(68): CodeIgniter\Boot::runCodeIgniter(Object(CodeIgniter\CodeIgniter))
12 FCPATH\index.php(59): CodeIgniter\Boot::bootWeb(Object(Config\Paths))
CRITICAL - 2026-07-26 16:34:32 --> CodeIgniter\Database\Exceptions\DatabaseException: Cannot truncate a table referenced in a foreign key constraint (`gbinsura_crm`.`employeeloginhistory`, CONSTRAINT `employeeloginhistory_ibfk_1` FOREIGN KEY (`employeeId`) REFERENCES `gbinsura_crm`.`employee` (`employeeId`))
[Method: GET, Route: superadmin/clear-all-data]
in SYSTEMPATH\Database\BaseConnection.php on line 863.
 1 SYSTEMPATH\Database\BaseBuilder.php(2771): CodeIgniter\Database\BaseConnection->query('TRUNCATE `employee`', null, false)
 2 SYSTEMPATH\Model.php(761): CodeIgniter\Database\BaseBuilder->truncate()
 3 APPPATH\Controllers\SuperAdmin.php(65): CodeIgniter\Model->__call('truncate', [])
 4 SYSTEMPATH\CodeIgniter.php(974): App\Controllers\SuperAdmin->clearAllData()
 5 SYSTEMPATH\CodeIgniter.php(520): CodeIgniter\CodeIgniter->runController(Object(App\Controllers\SuperAdmin))
 6 SYSTEMPATH\CodeIgniter.php(363): CodeIgniter\CodeIgniter->handleRequest(null, Object(Config\Cache), false)
 7 SYSTEMPATH\Boot.php(417): CodeIgniter\CodeIgniter->run()
 8 SYSTEMPATH\Boot.php(68): CodeIgniter\Boot::runCodeIgniter(Object(CodeIgniter\CodeIgniter))
 9 FCPATH\index.php(59): CodeIgniter\Boot::bootWeb(Object(Config\Paths))
CRITICAL - 2026-07-26 16:34:32 --> [Caused by] CodeIgniter\Database\Exceptions\DatabaseException: Cannot truncate a table referenced in a foreign key constraint (`gbinsura_crm`.`employeeloginhistory`, CONSTRAINT `employeeloginhistory_ibfk_1` FOREIGN KEY (`employeeId`) REFERENCES `gbinsura_crm`.`employee` (`employeeId`))
in SYSTEMPATH\Database\MySQLi\Connection.php on line 310.
 1 SYSTEMPATH\Database\BaseConnection.php(908): CodeIgniter\Database\MySQLi\Connection->execute('TRUNCATE `employee`')
 2 SYSTEMPATH\Database\BaseConnection.php(825): CodeIgniter\Database\BaseConnection->simpleQuery('TRUNCATE `employee`')
 3 SYSTEMPATH\Database\BaseBuilder.php(2771): CodeIgniter\Database\BaseConnection->query('TRUNCATE `employee`', null, false)
 4 SYSTEMPATH\Model.php(761): CodeIgniter\Database\BaseBuilder->truncate()
 5 APPPATH\Controllers\SuperAdmin.php(65): CodeIgniter\Model->__call('truncate', [])
 6 SYSTEMPATH\CodeIgniter.php(974): App\Controllers\SuperAdmin->clearAllData()
 7 SYSTEMPATH\CodeIgniter.php(520): CodeIgniter\CodeIgniter->runController(Object(App\Controllers\SuperAdmin))
 8 SYSTEMPATH\CodeIgniter.php(363): CodeIgniter\CodeIgniter->handleRequest(null, Object(Config\Cache), false)
 9 SYSTEMPATH\Boot.php(417): CodeIgniter\CodeIgniter->run()
10 SYSTEMPATH\Boot.php(68): CodeIgniter\Boot::runCodeIgniter(Object(CodeIgniter\CodeIgniter))
11 FCPATH\index.php(59): CodeIgniter\Boot::bootWeb(Object(Config\Paths))
CRITICAL - 2026-07-26 16:34:32 --> [Caused by] mysqli_sql_exception: Cannot truncate a table referenced in a foreign key constraint (`gbinsura_crm`.`employeeloginhistory`, CONSTRAINT `employeeloginhistory_ibfk_1` FOREIGN KEY (`employeeId`) REFERENCES `gbinsura_crm`.`employee` (`employeeId`))
in SYSTEMPATH\Database\MySQLi\Connection.php on line 300.
 1 SYSTEMPATH\Database\MySQLi\Connection.php(300): mysqli->query('TRUNCATE `employee`', 0)
 2 SYSTEMPATH\Database\BaseConnection.php(908): CodeIgniter\Database\MySQLi\Connection->execute('TRUNCATE `employee`')
 3 SYSTEMPATH\Database\BaseConnection.php(825): CodeIgniter\Database\BaseConnection->simpleQuery('TRUNCATE `employee`')
 4 SYSTEMPATH\Database\BaseBuilder.php(2771): CodeIgniter\Database\BaseConnection->query('TRUNCATE `employee`', null, false)
 5 SYSTEMPATH\Model.php(761): CodeIgniter\Database\BaseBuilder->truncate()
 6 APPPATH\Controllers\SuperAdmin.php(65): CodeIgniter\Model->__call('truncate', [])
 7 SYSTEMPATH\CodeIgniter.php(974): App\Controllers\SuperAdmin->clearAllData()
 8 SYSTEMPATH\CodeIgniter.php(520): CodeIgniter\CodeIgniter->runController(Object(App\Controllers\SuperAdmin))
 9 SYSTEMPATH\CodeIgniter.php(363): CodeIgniter\CodeIgniter->handleRequest(null, Object(Config\Cache), false)
10 SYSTEMPATH\Boot.php(417): CodeIgniter\CodeIgniter->run()
11 SYSTEMPATH\Boot.php(68): CodeIgniter\Boot::runCodeIgniter(Object(CodeIgniter\CodeIgniter))
12 FCPATH\index.php(59): CodeIgniter\Boot::bootWeb(Object(Config\Paths))
